list california airports; list la; how many canadian airlines international flights use aircraft 320
i need a ticket from nashville to seattle; flight numbers from chicago to seattle on continental
what cities does northwest fly to
show me the cheapest round trip fares from san francisco to houston; how many passengers can an l1011 aircraft hold
what cities does northwest fly to; list the distance in miles from san francisco international airport to san francisco downtown
tell me about the m80 aircraft; list airports; how many canadian airlines flights use aircraft dh8
what day of the week do flights from nashville to tacoma fly on; flight number from houston to dallas
how much is limousine service in los angeles
list la; list ground transportation in baltimore; what meals are available on dl 468 which al arrives in san francisco at 950 am
what cities does northwest fly to; how many canadian airlines international flights use j31
what class is fare code q; list airports
what meals are served on american flight 665 673 from milwaukee to seattle; how many canadian airlines international flights use j31
list flights between pittsburgh and milwaukee; how many canadian airlines international flights use j31
what is the capacity of the 73s; what day of the week do flights from nashville to tacoma fly on; what are the departure times from detroit to westchester county
determine the type of aircraft used on a flight from cleveland to dallas that leaves before noon; how much does it cost to fly from columbus to st. louis round trip on twa; how much is the limousine service in boston
list california airports; which flights travel from cleveland to indianapolis on april fifth; what are the fares for ground transportation in denver
what does fare code f mean; i need a ticket from nashville tennessee to seattle; which airport is closest to ontario california
list the distance in miles from boston airport to downtown boston; flight number from dallas to houston; how much is a limousine service in la guardia
how much is coach flight from pittsburgh to atlanta; what is the seating capacity on the aircraft 733; list the cities from which northwest flies
flight number from houston to dallas
what ground transportation is available between milwaukee airport and downtown milwaukee
what type of ground transportation is there at the las vegas airport; what meals are available on dl 468 which al arrives in san francisco at 950 am
list airports in la; please list ground transportation from ewr into new york city
what airline is as as in sam; how many canadian airlines international flights use j31
what is seating capacity on the aircraft 73s
list flights from oakland to salt lake city; how much is a limousine service in toronto international
what are the departure times from detroit to westchester county; what meals are available on dl 468 which al arrives in san francisco at 950 am
i need information on flights from toronto to san diego
what days of the week do flights from san jose to nashville fly on
what are the departure times from detroit to westchester county
what is meal code sb
give me the fares from miami to cleveland next sunday; which airline is us
how many canadian airlines flights use aircraft dh8
list flights from pittsburgh to newark daily; what meals are there on flight 382 from milwaukee to washington dc on tuesday morning
flight numbers from seattle to chicago on continental
i would like to have the airline that flies toronto detroit and st. louis
list la
what type of aircraft are flying from cleveland to dallas before noon; what ground transportation is there in baltimore
are snacks served on tower air
list la; how much is a limousine service in la guardia
what does fare code y mean
is there a fare from pittsburgh to cleveland under 200 dollars; how far is san francisco international from downtown
list the cities from which northwest flies
what types of ground transportation are available in denver; what meals are served on american flight 665 673 from milwaukee to seattle
at the charlotte airport how many different types of aircraft are there for us air
show me ground transportation in phoenix
which airline is us; how many canadian airlines international flights use j31
which airline is kw
list the arizona airport; list la
list seating capacities of delta flights from seattle to salt lake city; what meals are there on flight 382 from milwaukee to washington dc on tuesday morning
tell me about the type of aircraft called an m80; what airline is aa; how far is toronto international from downtown
what day of the week do flights from nashville to tacoma fly on; how many canadian airlines international flights use aircraft 320
list airports in new york
list the arizona airport; please show ground transportation to milwaukee
what airline is us; i need the flight numbers of flights leaving from cleveland and arriving at dallas
what type of aircraft are flying from cleveland to dallas before noon; what airlines fly between washington dc and columbus ohio; is there ground transportation available at the salt lake city airport
what are the departure times from detroit to westchester county; how many canadian airlines flights use aircraft dh8
list first class airfare round trip from indianapolis to memphis; what day of the week do flights from nashville to tacoma fly on; how many canadian airlines flights use aircraft dh8
what airline is hp; what days of the week do flights from san jose to nashville fly on
what is the seating capacity on the aircraft 733
list california airports; show me ground transportation in fort worth; what meals are there on flight 382 from milwaukee to washington dc on tuesday morning
list seating capacities of delta flights from seattle to salt lake city; list the alaska airlines flights arriving in burbank
what's the fare for a taxi to denver
what meals are there on flight 382 from milwaukee to washington dc on tuesday morning
what days of the week do flights from san jose to nashville fly on; on april first i need a flight going from phoenix to san diego; what meals are available on dl 468 which al arrives in san francisco at 950 am
what does ap 57 mean
what is the seating capacity of an m80; list the distance in miles from toronto international airport to downtown toronto
what does ua mean; are snacks served on tower air
list airfares for first class round trip from detroit to st. petersburg; what airline is hp; what day of the week do flights from nashville to tacoma fly on
what day of the week do flights from nashville to tacoma fly on
what are the departure times from detroit to westchester county; how many canadian airlines international flights use aircraft 320
what is the seating capacity for the aircraft m80
what days of the week do flights from san jose to nashville fly on; what are the departure times from detroit to westchester county
list limousine rates for the city of boston; is there ground transportation available at the salt lake city airport
what is the seating capacity for the aircraft m80; what meals are served on american flight 811 from tampa to milwaukee
to what cities from boston does america west fly first class; how many canadian airlines flights use aircraft dh8
list california airports; how far is san francisco international from downtown
cheapest round trip fare from or indianapolis to orlando on december twenty fifth; flight number from houston to dallas; how many canadian airlines international flights use aircraft 320
is there ground transportation from the memphis airport into town when if i arrive at 842 in the morning; are snacks served on tower air
list la; how many canadian airlines flights use aircraft dh8
what is the seating capacity of the m80; what day of the week do flights from nashville to tacoma fly on
what days of the week do flights from san jose to nashville fly on; flight number from houston to dallas; how much is the limousine service in boston
what airline is us; how many canadian airlines international flights use aircraft 320
how many canadian airlines international flights use j31
what days of the week do flights from san jose to nashville fly on; how many canadian airlines international flights use aircraft 320
what is a d9s; what type of ground transportation is there at the las vegas airport
what type of aircraft is used for the american flight leaving at 419 pm; what meals are served on american flight 811 from tampa to milwaukee
cheapest round trip fare from or indianapolis to orlando on december twenty fifth; now show me ground transportation in houston on monday afternoon
get the saturday fare from washington to toronto; how far is los angeles international from downtown
at the charlotte airport how many different types of aircraft are there for us air; st. paul to kansas city friday night
how much is coach flight from pittsburgh to atlanta; how much is limousine service in los angeles
what is fare code f; how far is los angeles international from downtown
what is the seating capacity for the aircraft m80; to what cities from boston does america west fly first class; what are the departure times from detroit to westchester county
what type of plane is a d9s
what does fare code f mean; what meals are served on american flight 665 673 from milwaukee to seattle
get fares from washington to boston; what meals are available on dl 468 which al arrives in san francisco at 950 am
does tacoma airport offer transportation from the airport to the downtown area
list the distance in miles from san francisco international airport to san francisco downtown; what types of ground transportation are available in denver; how many canadian airlines international flights use aircraft 320
what is mci; what is the seating capacity of a 757; list the cities from which northwest flies
what is the seating capacity of the type of aircraft m80; get flight from toronto to san diego stopping at dtw; what ground transportation is available between milwaukee airport and downtown milwaukee
what day of the week do flights from nashville to tacoma fly on; list the distance in miles from new york's la guardia airport to downtown new york city
list the distance in miles from san francisco international airport to san francisco downtown; what are the departure times from detroit to westchester county; how much is limousine service in los angeles
what does fare code bh mean; what's the fare for a taxi to denver
show me round trip fares from toronto to detroit on delta northwest us air and united airlines; how much is a limousine service in toronto international
how much is a limousine service in toronto international; what ground transportation is available between phoenix airport and downtown phoenix; what meals are served on american flight 811 from tampa to milwaukee
tell me about the m80 aircraft; how many canadian airlines international flights use j31
what is the seating capacity of a 72s; how much is the limousine service in boston
i need flight information for flights departing from cleveland going back to milwaukee wednesday after 5 pm; is there ground transportation from lga into new york city
what is the lowest fare for a flight from washington dc to boston; what are the departure times from detroit to westchester county
please give me the flights from nashville to houston nonstop with dinner served
show me airlines that have flights between toronto and detroit between detroit and st. louis and between st. louis and toronto; i want a flight from toronto to san diego
list the distance in miles from new york's la guardia airport to downtown new york city; how many canadian airlines flights use aircraft dh8
list airports in la; what meals are there on flight 382 from milwaukee to washington dc on tuesday morning
is there a fare from pittsburgh to cleveland under 200 dollars; list airports in new york; what are the departure times from detroit to westchester county
what type of plane is a d9s; what's the fare for a taxi to denver
tell me about the m80 aircraft; what meals are there on flight 382 from milwaukee to washington dc on tuesday morning
how much does it cost to fly from columbus to st. louis round trip on twa; what day of the week do flights from nashville to tacoma fly on; flight numbers from chicago to seattle on continental
tell me about the m80 aircraft
how many passengers can an l1011 aircraft hold; what cities does northwest fly to; what are the departure times from detroit to westchester county
list la; i need flight numbers for those flights departing on thursday before 8 am from oakland going to salt lake city
what is the seating capacity of an m80; what are the departure times from detroit to westchester county; are snacks served on tower air
to what cities from boston does america west fly first class; what days of the week do flights from san jose to nashville fly on
list la; what meals are served on american flight 811 from tampa to milwaukee
list airports in la; how many canadian airlines international flights use j31
what type of plane is a d9s; how many canadian airlines international flights use j31
i need the flight numbers of flights leaving from cleveland and arriving at dallas
what day of the week do flights from nashville to tacoma fly on; how far is new york's la guardia from downtown
list airfares for first class round trip from detroit to st. petersburg
what type of plane is a d9s; how far is new york's la guardia from downtown; how much is a limousine service in la guardia
determine the type of aircraft used on a flight from cleveland to dallas that leaves before noon; after 12 pm on wednesday april sixth i would like to fly from long beach to columbus; are snacks served on tower air
list airfares for first class round trip from detroit to st. petersburg; what days of the week do flights from san jose to nashville fly on; tell me about the ground transportation from nashville airport
what is the seating capacity of the aircraft m80; list the distance in miles from toronto international airport to downtown toronto; what meals are available on dl 468 which al arrives in san francisco at 950 am
i would like to leave thursday morning from indianapolis to toronto; what meals are served on american flight 811 from tampa to milwaukee
what airlines fly from baltimore to san francisco; what are the departure times from detroit to westchester county
tell me all the airports in the new york city area; to what cities from boston does america west fly first class
to what cities from boston does america west fly first class
is there one airline that flies from burbank to milwaukee milwaukee to st. louis and from st. louis to burbank
list the airlines with flights to or from denver
list coach round trip airfare from detroit to st. petersburg; what is the seating capacity on the aircraft 733; show me northwest flight 608 from kansas city to st. paul
what does fare code bh mean; what is the seating capacity of the 757; what meals are available on dl 468 which al arrives in san francisco at 950 am
list airports in la; how much is the limousine service in boston; what's the ground transportation in denver
list the distance in miles from boston airport to downtown boston
flight numbers from seattle to chicago on continental; how many canadian airlines flights use aircraft dh8
at the charlotte airport how many different types of aircraft are there for us air; list ground transportation in baltimore
what does fare code bh mean; to what cities from boston does america west fly first class; ground transportation in las vegas
what the abbreviation us stand for; list limousine rates for the city of boston
i would like a flight on friday morning from toronto to montreal; what meals are available on dl 468 which al arrives in san francisco at 950 am
i need a ticket from nashville tennessee to seattle; are meals ever served on tower air
show me the morning flights from memphis to new york city; how much is limousine service in los angeles
what is the seating capacity of the 733
what airline is aa; what is the seating capacity for aircraft l10
what is the seating capacity of the 757
ground transportation in las vegas
list la; what meals are served on american flight 665 673 from milwaukee to seattle
what does ap 20 mean
how many passengers can fly on a 757
show me the cheapest round trip fares from san francisco to houston; list the distance in miles from new york's la guardia airport to downtown new york city
on april first i need a ticket from tacoma to san jose departing before 7 am
what does ap 57 mean; to what cities from boston does america west fly first class
what are the departure times from detroit to westchester county; what meals are served on american flight 665 673 from milwaukee to seattle
list la; what day of the week do flights from nashville to tacoma fly on
what days of the week do flights from san jose to nashville fly on; how much is a limousine service in la guardia
list la; what meals are served on american flight 665 673 from milwaukee to seattle
list airports in la; what is seating capacity on the aircraft 73s
what is the seating capacity of a dc9; list all tower air flights with meals
what does fare code bh mean
list the cities from which northwest flies; how much is a limousine service in la guardia
determine the type of aircraft used on a flight from cleveland to dallas that leaves before noon; how many canadian airlines international flights use j31
list the arizona airport; how many canadian airlines international flights use aircraft 320
tell me about the m80 aircraft; list airports in arizona nevada and california please; list ground transportation in baltimore
what days of the week do flights from san jose to nashville fly on; how much is a limousine service in toronto international
what meals are served on american flight 665 673 from milwaukee to seattle
how many passengers can an l1011 aircraft hold
get first flight from oakland to salt lake city on thursday; how much is the limousine service in boston
tell me about the m80 aircraft; get saturday fares from washington to montreal; i would like to have the airline that flies toronto detroit and st. louis
what's the cheapest flight from columbus to st. louis round trip on twa
tell me about the m80 aircraft; what day of the week do flights from nashville to tacoma fly on; what are the departure times from detroit to westchester county
what cities does northwest fly out of; how much is the limousine service in boston
tell me about the m80 aircraft; what are the fares for all flights between washington and columbus; list la
list the arizona airport; what is the seating capacity of an m80
how many canadian airlines international flights use aircraft 320
what does ap 57 mean; i need the flight numbers of flights leaving from cleveland and arriving at dallas
what airlines fly between detroit and westchester county
what airline is as as in sam; list airports; what meals are there on flight 382 from milwaukee to washington dc on tuesday morning
list airports in la; what are the departure times from detroit to westchester county
list airports in arizona nevada and california please; what ground transportation is available from dallas fort worth airport to downtown dallas; how many canadian airlines international flights use j31
what does fare code bh mean; i'll need to rent a car in washington dc
what airline flies from boston to san diego; what days of the week do flights from san jose to nashville fly on
what is the seating capacity of a 757; list the distance in miles from new york's la guardia airport to downtown new york city
i need a daily flight from st. louis to milwaukee; how many canadian airlines flights use aircraft dh8
what airline is as; what day of the week do flights from nashville to tacoma fly on; how long does a flight from baltimore to san francisco take
what are the fares for ground transportation in denver; how many canadian airlines international flights use aircraft 320
what does fare code f mean; list la; how about a flight from milwaukee to st. louis that leaves monday night
how much is a limousine service in toronto international
what type of plane is a d9s; how much is a limousine service in la guardia
give me the fares for round trip flights from cleveland to miami next wednesday; is there ground transportation available at the indianapolis airport
list la; how much is a limousine service in la guardia
list the distance in miles from san francisco international airport to san francisco downtown
what type of aircraft are flying from cleveland to dallas before noon; what is the seating capacity for the aircraft m80; what days of the week do flights from san jose to nashville fly on
how far is san francisco international from downtown; what are the departure times from detroit to westchester county; how many canadian airlines international flights use j31
what does ap 20 mean; what airline is as; what day of the week do flights from nashville to tacoma fly on
show me airlines that have flights between toronto and detroit between detroit and st. louis and between st. louis and toronto
what ground transportation is available at denver
what airlines fly into denver; what is the seating capacity for the aircraft m80; how many canadian airlines international flights use j31
what day of the week do flights from nashville to tacoma fly on; are snacks served on tower air
what ground transportation is available between dca and downtown washington
is there ground transportation available at the indianapolis airport
i need flight numbers for those flights departing on thursday before 8 am from oakland going to salt lake city; what meals are served on american flight 665 673 from milwaukee to seattle
i need flight numbers for those flights departing on thursday before 8 am from oakland going to salt lake city
tell me about the m80 aircraft; list la
how long does a flight from baltimore to san francisco take; what meals are served on american flight 665 673 from milwaukee to seattle
what is the seating capacity on the aircraft m80; how many canadian airlines international flights use aircraft 320
list airfares for first class round trip from detroit to st. petersburg; list california airports; what days of the week do flights from san jose to nashville fly on
what airlines are departing from baltimore; how far is new york's la guardia from downtown
what airline is hp; how much is a limousine service in toronto international
list the distance in miles from toronto international airport to downtown toronto; find american flight from newark to nashville around 630 pm; what ground transportation is there in baltimore
list flights from miami to indianapolis sunday; flight number from dallas to houston
what airline is hp; what is the capacity of the 73s
what is the lowest fare for a flight from washington dc to boston; flight numbers from chicago to seattle; does tacoma airport offer transportation from the airport to the downtown area
flight numbers from chicago to seattle on continental; what are the departure times from detroit to westchester county
which airline is us; what is the seating capacity of the 757; what day of the week do flights from nashville to tacoma fly on
what is the seating capacity on the aircraft 733; how far is los angeles international from downtown; flight numbers from chicago to seattle
what is the seating capacity of a dc9
list california airports
what is mci; what days of the week do flights from san jose to nashville fly on
what does ua mean; what type of aircraft are flying from cleveland to dallas before noon
list the cheapest fare from charlotte to las vegas; to what cities from boston does america west fly first class; flight number from houston to dallas
list california nevada arizona airports; what is the seating capacity on the aircraft 733; what days of the week do flights from san jose to nashville fly on
what days of the week do flights from san jose to nashville fly on; ground transportation for las vegas; how many canadian airlines flights use aircraft dh8
what does fare code bh mean; list airlines that fly from seattle to salt lake city; show me the nonstop flights from toronto to st. petersburg
what does fare code h mean; what is the seating capacity for aircraft l10
what are the departure times from detroit to westchester county; what meals are served on american flight 811 from tampa to milwaukee
which airlines fly between toronto and san diego; what are the departure times from detroit to westchester county
which airline is us; list airports; what cities does northwest fly to
what days of the week do flights from san jose to nashville fly on; what are the departure times from detroit to westchester county; how much is a limousine service in la guardia
what does fare code h mean; what are the departure times from detroit to westchester county
list la; dallas to houston after 1201 am; flight number from houston to dallas
what days of the week do flights from san jose to nashville fly on; flight number from dallas to houston; list limousine rates for the city of boston
how many passengers can an l1011 aircraft hold; what days of the week do flights from san jose to nashville fly on; list the distance in miles from toronto international airport to downtown toronto
i need the flight numbers of flights leaving from cleveland and arriving at dallas; what are the departure times from detroit to westchester county
how much is the limousine service in boston; show me ground transportation in fort worth
show me the cheapest round trip fare from san francisco to houston on february twenty eighth 1994; list la; what ground transportation is available at denver
i need a friday flight from newark to tampa
what days of the week do flights from san jose to nashville fly on; list the distance in miles from toronto international airport to downtown toronto
list airports in la; how much is the limousine service in boston
at the charlotte airport how many different types of aircraft are there for us air; list the distance in miles from san francisco international airport to san francisco downtown; is there ground transportation from lga into new york city
what is the seating capacity of a 72s
what does q mean; what airlines fly between detroit and westchester county; what cities does northwest fly to
tell me about the type of aircraft called an m80; how far is san francisco international from downtown
what cities does northwest fly out of
list california nevada arizona airports; what type of ground transportation is there at the las vegas airport
what are the fares for ground transportation in denver
what is the seating capacity for aircraft l10; flight numbers from seattle to chicago on continental
what is the seating capacity of the aircraft 72s; how many canadian airlines international flights use j31
what does hp stand for; what airlines fly between washington dc and columbus ohio
i need the flight numbers of flights leaving from cleveland and arriving at dallas; what are the departure times from detroit to westchester county
flight number from dallas to houston; what ground transportation is available between pittsburgh airport and downtown pittsburgh
what cities does northwest fly out of; how many canadian airlines international flights use aircraft 320
flight numbers from chicago to seattle on continental
list flights from washington dc to boston
what does hp stand for; determine the type of aircraft used on a flight from cleveland to dallas that leaves before noon; which airline is us
what days of the week do flights from san jose to nashville fly on; list the distance in miles from san francisco international airport to san francisco downtown; how many canadian airlines flights use aircraft dh8
list airports in la; what cities does northwest fly out of; is there ground transportation available at the denver airport
i'll need to rent a car in washington dc
what is a d9s; what meals are there on flight 382 from milwaukee to washington dc on tuesday morning
which airline is us; what's the fare for a taxi to denver
list the airports in la; how much is limousine service in los angeles
what does fare code bh mean; i would like a flight leaving san francisco for san diego
find flight from san diego to phoenix on monday am; what are the departure times from detroit to westchester county
list flights from houston to denver; tell me about the ground transportation from nashville airport
how far is los angeles international from downtown; are there any flights from boston to orlando connecting in new york; what are the departure times from detroit to westchester county
what does ua mean; flight numbers from chicago to seattle on continental
what's the ground transportation in denver
milwaukee to phoenix on saturday; i need to rent a car at tampa
list airlines that fly from seattle to salt lake city; how much is a limousine service in toronto international
what type of aircraft are flying from cleveland to dallas before noon; list the airports in la
what day of the week do flights from nashville to tacoma fly on; are meals ever served on tower air
please show ground transportation to milwaukee
can you list all of the delta flights from salt lake city to new york next saturday arriving before 6 pm; are meals ever served on tower air
cheapest fare round trip from indianapolis to orlando on december twenty seventh; tell me all the airports near westchester county
give me the flights from chicago to seattle on continental that have meals early saturday morning; flight numbers from chicago to seattle
which airlines fly between toronto and san diego; list airports in arizona nevada and california please; what are the departure times from detroit to westchester county
flight numbers from chicago to seattle on continental; what meals are served on american flight 811 from tampa to milwaukee
what type of aircraft is used for the american flight leaving at 419 pm; what cities does northwest fly out of
what is 73s; i need a ticket from nashville to seattle
what does ap 57 mean; tell me about the m80 aircraft
what the abbreviation us stand for; what type of aircraft is used for the american flight leaving at 419 pm; list distance from airports to downtown in new york
what days of the week do flights from san jose to nashville fly on; flight numbers on american airlines from phoenix to milwaukee
list la; find flights arriving new york city next saturday; what meals are served on american flight 811 from tampa to milwaukee
show me the cheapest round trip coach fare from las vegas to detroit; flight number from dallas to houston; how much is a limousine service in toronto international
list the airports in la; flight number from dallas to houston; is there ground transportation from lga into new york city
what's the fare for a taxi to denver; are meals ever served on tower air
what days of the week do flights from san jose to nashville fly on; what is the earliest arriving flight from houston to orlando
how many passengers can fly on a 757; list limousine rates for the city of boston
get fares from washington to montreal; what days of the week do flights from san jose to nashville fly on
i need to rent a car in milwaukee
list california nevada arizona airports
flight number from dallas to houston; what are the departure times from detroit to westchester county
tell me all the airports in the new york city area; list distance from airports to downtown in new york
list the distance in miles from san francisco international airport to san francisco downtown; i want to go from boston to washington on a saturday; what are the departure times from detroit to westchester county
what type of aircraft is used for the american flight leaving at 419 pm; which airlines fly from baltimore to san francisco
what airlines fly into denver
how far is new york's la guardia from downtown
what airline is dl; how many canadian airlines flights use aircraft dh8
what type of aircraft are flying from cleveland to dallas before noon
what is the seating capacity of the aircraft 72s; what are the flights from milwaukee to seattle
tell me about the type of aircraft called an m80
what does not sa mean; what day of the week do flights from nashville to tacoma fly on; how far is new york's la guardia from downtown
list airports in la; list la; what meals are there on flight 382 from milwaukee to washington dc on tuesday morning
list the distance in miles from toronto international airport to downtown toronto; list all tower air flights with meals
list airports; what days of the week do flights from san jose to nashville fly on
flight number from houston to dallas; are meals ever served on tower air
what are the departure times from detroit to westchester county; how many canadian airlines international flights use j31
what is the least expensive fare from boston to salt lake city; is there ground transportation available at the salt lake city airport
what is the seating capacity of the type of aircraft m80; list the cities from which northwest flies; list the distance in miles from boston airport to downtown boston
list la; ground transportation in las vegas
are meals ever served on tower air
how much is a limousine service in la guardia; how many canadian airlines international flights use aircraft 320
what is the seating capacity of an m80; find flight from san diego to phoenix on monday am; what meals are available on dl 468 which al arrives in san francisco at 950 am
list distance from airports to downtown in new york; milwaukee to phoenix on saturday
i would like a flight from cincinnati to burbank on american
what are the departure times from detroit to westchester county; how much is the limousine service in boston
what type of aircraft are flying from cleveland to dallas before noon; list california airports
what airline is as
what day of the week do flights from nashville to tacoma fly on; is ground transportation available in st. louis; how many canadian airlines international flights use j31
tell me about the m80 aircraft; what are the flights between memphis and cincinnati on wednesday
what day of the week do flights from nashville to tacoma fly on; is there ground transportation available at the phoenix airport
what is 73s; at the charlotte airport how many different types of aircraft are there for us air
how much is limousine service in los angeles; is there ground transportation available at the denver airport
i need the flight numbers of flights leaving from cleveland and arriving at dallas; is there ground transportation available at the phoenix airport
what is the seating capacity of the type of aircraft m80
what day of the week do flights from nashville to tacoma fly on; i need the flight numbers of flights leaving from cleveland and arriving at dallas; how many canadian airlines flights use aircraft dh8
determine the type of aircraft used on a flight from cleveland to dallas that leaves before noon; list the distance in miles from toronto international airport to downtown toronto
list seating capacities of delta flights from seattle to salt lake city; what day of the week do flights from nashville to tacoma fly on; what are the fares for ground transportation in denver
list california nevada arizona airports; what are the departure times from detroit to westchester county
list airports; what cities does northwest fly to; how much is a limousine service in la guardia
how many passengers can an l1011 aircraft hold; how many canadian airlines international flights use j31
what cities does northwest fly out of; flight numbers from chicago to seattle; are meals ever served on tower air
a flight from baltimore to san francisco arriving between 5 and 8 pm; what are the departure times from detroit to westchester county; how much is the limousine service in boston
how much is a limousine service in la guardia; how many canadian airlines flights use aircraft dh8
what days of the week do flights from san jose to nashville fly on; how much is the limousine service in boston
list type of aircraft for all flights from charlotte; what are the fares for ground transportation in denver; are snacks served on tower air
to what cities from boston does america west fly first class; flight numbers on american airlines from phoenix to milwaukee
list the cities from which northwest flies; what are the departure times from detroit to westchester county
what meals are served on american flight 811 from tampa to milwaukee
what is the fare for a first class round trip ticket from detroit to st. petersburg; list flights between pittsburgh and milwaukee
what is the seating capacity on the aircraft m80; i need a flight from toronto to newark one way leaving wednesday evening or thursday morning
how long does a flight from baltimore to san francisco take; what are the departure times from detroit to westchester county
what is the seating capacity of an m80; list the distance in miles from boston airport to downtown boston
tell me about the m80 aircraft; how much is the limousine service in boston
list la; what are the departure times from detroit to westchester county
list the airports in la
tell me about the m80 aircraft; what are the departure times from detroit to westchester county
tell me about the type of aircraft called an m80; list the distance in miles from boston airport to downtown boston
what does fare code bh mean; what day of the week do flights from nashville to tacoma fly on; list ground transportation in baltimore
which flights travel from tacoma to san jose; how many canadian airlines flights use aircraft dh8
list la; what are the departure times from detroit to westchester county
get fares from washington to montreal; what day of the week do flights from nashville to tacoma fly on
what does fare code h mean; what are the lowest fares from washington dc to salt lake city; list california airports
what airline is dl
now show me ground transportation in houston on monday afternoon
which airline is us; list all of the daily flights arriving in denver from 8 to 9 pm
show me the airports serviced by tower air; what meals are served on american flight 811 from tampa to milwaukee
at the charlotte airport how many different types of aircraft are there for us air; what's the fare for a taxi to denver; how many canadian airlines international flights use aircraft 320
get saturday fares from washington to toronto
what airline is hp
what type of plane is a d9s; show me airlines that have flights between toronto and detroit between detroit and st. louis and between st. louis and toronto
i would like to fly from atlanta to san diego; what meals are served on american flight 665 673 from milwaukee to seattle
show me the cost of a first class ticket from detroit to las vegas and back; what days of the week do flights from san jose to nashville fly on; list the distance in miles from new york's la guardia airport to downtown new york city
show me the cost of a first class ticket from detroit to las vegas and back; what are the departure times from detroit to westchester county; how many canadian airlines flights use aircraft dh8
what cities does northwest fly out of; list the distance in miles from toronto international airport to downtown toronto; flight number from houston to dallas
list the cities from which northwest flies; how much is the limousine service in boston
what meals are available on dl 468 which al arrives in san francisco at 950 am
list the arizona airport; is there ground transportation from lga into new york city
what type of aircraft is used for the american flight leaving at 419 pm; what day of the week do flights from nashville to tacoma fly on; how far is toronto international from downtown
cheapest fare from indianapolis to orlando on the twenty seventh of december; what are the departure times from detroit to westchester county
i need a flight from memphis to las vegas
find flight from houston to memphis on friday; how much is the limousine service in boston
what does fare code h mean; i need flight numbers for those flights departing on thursday before 8 am from oakland going to salt lake city
what does the restriction ap58 mean; what type of ground transportation is there at the las vegas airport
list the cheapest fare from charlotte to las vegas; what is the capacity of the 73s; chicago to seattle saturday morning
list the cities from which northwest flies; what days of the week do flights from san jose to nashville fly on; list flights from atlanta to toronto friday afternoon
list distance from airports to downtown in new york; now show me ground transportation in houston on monday afternoon; are meals ever served on tower air
what are the departure times from detroit to westchester county; i need to rent a car at tampa
what meals are served on american flight 811 from tampa to milwaukee; how many canadian airlines international flights use aircraft 320
what is the least expensive fare from boston to salt lake city; what are the fares for ground transportation in denver
how much does it cost to fly on twa from columbus to milwaukee; what meals are served on american flight 665 673 from milwaukee to seattle
what airline is as as in sam; find american flight from newark to nashville around 630 pm
what day of the week do flights from nashville to tacoma fly on; list all tower air flights with meals
list distance from airports to downtown in new york; how much is a limousine service in la guardia
show me ground transportation in fort worth; how many canadian airlines international flights use aircraft 320
get saturday fares from washington to boston
list ground transportation in baltimore
show me the cheapest round trip between st. petersburg and detroit that arrives before 7 pm
to what cities from boston does america west fly first class; what day of the week do flights from nashville to tacoma fly on; how far is toronto international from downtown
what are restrictions ap 57; list all flights on all types of aircraft arriving in denver between 8 and 9 pm
what does the restriction ap58 mean; how much is limousine service in los angeles
are meals ever served on tower air; how many canadian airlines international flights use j31
tell me about the m80 aircraft; list the distance in miles from new york's la guardia airport to downtown new york city
what does hp stand for; list the cities from which northwest flies
i would like to know what airports are in los angeles; flight numbers on american airlines from phoenix to milwaukee; what meals are served on american flight 665 673 from milwaukee to seattle
what is the seating capacity for the aircraft m80; how far is new york's la guardia from downtown
what cities does northwest fly to; flight numbers from chicago to seattle
what does hp stand for; are snacks served on tower air
what is the seating capacity of the aircraft m80
how far is toronto international from downtown
what type of plane is a d9s; what day of the week do flights from nashville to tacoma fly on; flight number from houston to dallas
tell me about the m80 aircraft; what day of the week do flights from nashville to tacoma fly on
i need a ticket from nashville to seattle; what are the departure times from detroit to westchester county
please list flights from san francisco to charlotte; flight numbers on american airlines from phoenix to milwaukee; how many canadian airlines international flights use j31
list type of aircraft for all flights from charlotte
what type of plane is a d9s; what ground transportation is available between dca and downtown washington
what cities does northwest fly to; how many canadian airlines flights use aircraft dh8
what airline is as; what is the seating capacity of a 72s
what is the first class round trip airfare from india indianapolis to memphis; what meals are served on american flight 811 from tampa to milwaukee
is there a fare from pittsburgh to cleveland under 200 dollars; list distance from airports to downtown in new york; i need a flight on united airlines from la guardia to san jose
what airline is us
list airports in la; what ground transportation is available from dallas fort worth airport to downtown dallas
list la; show me the flights in from minneapolis to indianapolis on tuesday afternoon
what day of the week do flights from nashville to tacoma fly on; flight number from houston to dallas
what day of the week do flights from nashville to tacoma fly on; is there ground transportation available at the indianapolis airport
what airlines serve denver
list airports in la; what cities does northwest fly out of
get saturday fares from washington to boston; what are the departure times from detroit to westchester county
what is mci; what is the seating capacity on the aircraft 733
list la; how much is limousine service in los angeles
what is the seating capacity of an m80; what are the departure times from detroit to westchester county
what is cvg
what airlines fly from baltimore to san francisco; how many canadian airlines flights use aircraft dh8
what are the departure times from detroit to westchester county; list limousine rates for the city of boston
list distance from airports to downtown in new york
what does fare code f mean; what is the fare for a first class round trip ticket from detroit to st. petersburg
what are the fares for all flights between washington and columbus; i need the flight numbers of flights leaving from cleveland and arriving at dallas; what ground transportation is available between milwaukee airport and downtown milwaukee
what are the fares for all flights between washington and columbus; flight number from houston to dallas
what days of the week do flights from san jose to nashville fly on; what's the cheapest flight tomorrow from milwaukee to denver
what is a d9s; what is the seating capacity of a 72s
how many people will a 757 hold; what days of the week do flights from san jose to nashville fly on; i need the flight numbers of flights leaving from cleveland and arriving at dallas
list type of aircraft for all flights from charlotte; what days of the week do flights from san jose to nashville fly on
get fares from washington to boston; list airports
what meals are there on flight 382 from milwaukee to washington dc on tuesday morning; how many canadian airlines international flights use aircraft 320
what airline is aa; what meals are available on dl 468 which al arrives in san francisco at 950 am
what is the most expensive one way fare between detroit and westchester county; what meals are available on dl 468 which al arrives in san francisco at 950 am
is there a fare from pittsburgh to cleveland under 200 dollars; what airline flies from boston to san diego; what day of the week do flights from nashville to tacoma fly on
what does fare code bh mean; flight number from houston to dallas
what airlines off from love field between 6 and 10 am on june sixth; what are the departure times from detroit to westchester county; what meals are served on american flight 665 673 from milwaukee to seattle
i need a ticket from nashville to seattle; tell me all the airports in the new york city area; what flights leave from cleveland and go to dallas
list the cities from which northwest flies; what meals are served on american flight 811 from tampa to milwaukee
what does fare code f mean; what days of the week do flights from san jose to nashville fly on; what meals are there on flight 382 from milwaukee to washington dc on tuesday morning
show flights from kansas city to orlando
what is the seating capacity of the 757; how many canadian airlines international flights use j31
what type of aircraft is used for the american flight leaving at 419 pm; what are the departure times from detroit to westchester county; now show me ground transportation in houston on monday afternoon
list la; flight numbers from seattle to chicago on continental
list airfares for first class round trip from detroit to st. petersburg; flight number from dallas to houston; what meals are served on american flight 665 673 from milwaukee to seattle
what airlines fly between washington dc and columbus ohio; list flights from washington dc to philadelphia saturday pm; what's the fare for a taxi to denver
what cities does northwest fly to; are meals ever served on tower air
list la; list the distance in miles from boston airport to downtown boston; list early morning flights from cincinnati to tampa
what are the departure times from detroit to westchester county; are snacks served on tower air; how many canadian airlines international flights use j31
what day of the week do flights from nashville to tacoma fly on; how far is los angeles international from downtown; what are the departure times from detroit to westchester county
what airline is dl; does tacoma airport offer transportation from the airport to the downtown area
cheapest round trip fare from or indianapolis to orlando on december twenty fifth; flight numbers on american airlines from phoenix to milwaukee
what days of the week do flights from san jose to nashville fly on; how many canadian airlines flights use aircraft dh8
what are the fares for all flights between washington and columbus; is there taxi service at the ontario airport; how many canadian airlines international flights use j31
how many passengers can fly on a 757; what day of the week do flights from nashville to tacoma fly on; how much is a limousine service in toronto international
how far is new york's la guardia from downtown; what ground transportation is available from dallas fort worth airport to downtown dallas
what does fare code f mean; what are the fares for ground transportation in denver; what ground transportation is available between dca and downtown washington
list airports; how many canadian airlines flights use aircraft dh8
what does q mean; what airline is as
how many flights does alaska airlines have to burbank; how many canadian airlines international flights use j31
which airline is us
what is the seating capacity on the aircraft m80; what days of the week do flights from san jose to nashville fly on; i need to rent a car at tampa
list the cities from which northwest flies; how far is san francisco international from downtown; what are the departure times from detroit to westchester county
what type of aircraft is used for the american flight leaving at 419 pm; list the cities from which northwest flies; what are the departure times from detroit to westchester county
what airline is hp; what are the departure times from detroit to westchester county
list first class airfare round trip from indianapolis to memphis
i need a flight from toronto to st. louis
what is the ground transportation between the charlotte airport charlotte airport and downtown charlotte; how many canadian airlines international flights use aircraft 320
what is the seating capacity of the 757; list the cities from which northwest flies; i need the flight numbers of flights leaving from cleveland and arriving at dallas
i would like to have the airline that flies toronto detroit and st. louis; is there ground transportation from lga into new york city
tell me all the airports in the new york city area; what are the departure times from detroit to westchester county
what are the fares for flights between boston and washington dc; i need flight numbers for those flights departing on thursday before 8 am from oakland going to salt lake city; ground transportation for las vegas
flight numbers on american airlines from phoenix to milwaukee; how much is a limousine service in la guardia
which airlines fly between toronto and san diego; what cities does northwest fly to
show me airlines that have flights between toronto and detroit between detroit and st. louis and between st. louis and toronto; get first flight from oakland to salt lake city on thursday
what is the seating capacity for delta be1; what days of the week do flights from san jose to nashville fly on; are snacks served on tower air
which airlines fly from baltimore to san francisco
what does not sa mean; how many canadian airlines flights use aircraft dh8
list american airlines flights from houston to milwaukee departing friday pm
tell me all the airports near westchester county; list the distance in miles from san francisco international airport to san francisco downtown
determine the type of aircraft used on a flight from cleveland to dallas that leaves before noon; what airline is as as in sam
what type of aircraft is used for the american flight leaving at 419 pm
what airlines fly between detroit and westchester county; how much is limousine service in los angeles
how long does a flight from baltimore to san francisco take; list limousine rates for the city of boston
what airline is hp; what is the seating capacity of the 733; what types of ground transportation are available in denver
tell me about the m80 aircraft; how many passengers can fly on a 757
what is the seating capacity of a 757; flight number from dallas to houston
list california airports; list the flights from memphis to cleveland; what meals are served on american flight 811 from tampa to milwaukee
list the flights from westchester county to denver on june seventh
show me all flights from orlando to montreal please; list limousine rates for the city of boston
list the arizona airport
which flights arrive in burbank from las vegas on saturday april twenty third in the afternoon; what is the ground transportation between the charlotte airport charlotte airport and downtown charlotte
i need flight numbers for those flights departing on thursday before 8 am from oakland going to salt lake city; how many canadian airlines flights use aircraft dh8
what does fare code qo mean; list airlines that fly from seattle to salt lake city; flight numbers from chicago to seattle
tell me about the m80 aircraft; flight numbers on american airlines from phoenix to milwaukee
which flights go from new york to miami and back
what airlines fly between detroit and westchester county; how many canadian airlines international flights use aircraft 320
what is fare code m; what cities does northwest fly out of; what day of the week do flights from nashville to tacoma fly on
get saturday fares from washington to montreal; list la; flight numbers from chicago to seattle
list the cities from which northwest flies; what day of the week do flights from nashville to tacoma fly on
how many passengers can fly on a 757; is ground transportation available in st. louis
what does fare code qo mean
tell me about the type of aircraft called an m80; what cities does northwest fly to
what is a d9s; what is seating capacity on the aircraft 73s; show me flights from montreal to orlando and long beach
list airports in la; what is the seating capacity on the aircraft 733
list airports in la
what does fare code f mean; what are the departure times from detroit to westchester county
list limousine rates for the city of boston
what is the seating capacity of an m80; what meals are there on flight 382 from milwaukee to washington dc on tuesday morning
i need a ticket from nashville tennessee to seattle; i need to rent a car at tampa
how much is the limousine service in boston; is there ground transportation available at the phoenix airport
what are restrictions ap 57; give me a combination of continental flights from chicago to seattle that have meals early saturday morning
which airline is as; what days of the week do flights from san jose to nashville fly on; list flights from baltimore to san francisco on friday
what does fare code bh mean; tell me about the type of aircraft called an m80; show me the cheapest round trip fares from houston to boston
what day of the week do flights from nashville to tacoma fly on; how much is the limousine service in boston
cheapest fare round trip from indianapolis to orlando on december twenty seventh
i would like to have the airline that flies toronto detroit and st. louis; what are the departure times from detroit to westchester county
determine the type of aircraft used on a flight from cleveland to dallas that leaves before noon; what meals are served on american flight 811 from tampa to milwaukee
what is meal code sb; what is the fare for a first class round trip ticket from detroit to st. petersburg
show me the cheapest round trip fares from san francisco to houston; what is the seating capacity of the aircraft 72s; list limousine rates for the city of boston
what is the capacity of the 73s; what days of the week do flights from san jose to nashville fly on
what class is fare code q; list seating capacities of delta flights from seattle to salt lake city
determine the type of aircraft used on a flight from cleveland to dallas that leaves before noon; what ground transportation is there in baltimore
what is a d9s; what meals are served on american flight 665 673 from milwaukee to seattle
list type of aircraft for all flights from charlotte; is there ground transportation available at the denver airport; how many canadian airlines international flights use aircraft 320
list distance from airports to downtown in new york; how many canadian airlines flights use aircraft dh8
what airlines fly between washington dc and columbus ohio; what are the departure times from detroit to westchester county
what type of plane is a d9s; show me flights from fort worth to san jose; flight numbers on american airlines from phoenix to milwaukee
what day of the week do flights from nashville to tacoma fly on; how many canadian airlines international flights use j31
list airports in arizona nevada and california please; what are the departure times from detroit to westchester county; how much is the limousine service in boston
what meals are available on dl 468 which al arrives in san francisco at 950 am; how many canadian airlines international flights use aircraft 320
list type of aircraft for all flights from charlotte; how many canadian airlines flights use aircraft dh8
what ground transportation is available between phoenix airport and downtown phoenix; are meals ever served on tower air
what types of ground transportation are available in denver
what does fare code bh mean; what are the fares for ground transportation in denver
flight numbers from chicago to seattle on continental; how many canadian airlines flights use aircraft dh8
what days of the week do flights from san jose to nashville fly on; what are the departure times from detroit to westchester county; what meals are served on american flight 811 from tampa to milwaukee
get fares from washington to montreal; what days of the week do flights from san jose to nashville fly on
which airline is us; i need information on flights from toronto to san diego; how many canadian airlines flights use aircraft dh8
list airports in arizona nevada and california please; what meals are available on dl 468 which al arrives in san francisco at 950 am
what does ua mean
tell me about the ground transportation from nashville airport
what is fare code f; please show ground transportation to milwaukee
give me the fares for round trip flights from cleveland to miami next wednesday; list airports
at the charlotte airport how many different types of aircraft are there for us air; how much is the limousine service in boston
show me the cheapest round trip coach fare on twa from las vegas to detroit
what days of the week do flights from san jose to nashville fly on; what are the departure times from detroit to westchester county
cheapest fare from indianapolis to orlando on the twenty seventh of december
what is cvg; is there one airline that flies from burbank to milwaukee milwaukee to st. louis and from st. louis to burbank; show me the airports serviced by tower air
how many passengers can an l1011 aircraft hold; what days of the week do flights from san jose to nashville fly on; list the distance in miles from boston airport to downtown boston
what is fare code m; what is the seating capacity for delta be1
what is the seating capacity of the type of aircraft m80; flight number from houston to dallas
how far is san francisco international from downtown; what are the departure times from detroit to westchester county
flight numbers from seattle to chicago on continental; what are the departure times from detroit to westchester county
what is the lowest fare from washington dc to montreal; list distance from airports to downtown in new york
how much does it cost to fly on twa from columbus to milwaukee; what is the seating capacity of the aircraft 72s
how far is los angeles international from downtown; list flights from milwaukee to detroit
list airports; what ground transportation is available from dallas fort worth airport to downtown dallas; what meals are available on dl 468 which al arrives in san francisco at 950 am
flight numbers from seattle to chicago on continental; what meals are served on american flight 665 673 from milwaukee to seattle
what does hp stand for; what meals are there on flight 382 from milwaukee to washington dc on tuesday morning
i need a ticket from nashville tennessee to seattle; what airline is aa
what is cvg; list the arizona airport
what are the departure times from detroit to westchester county; are snacks served on tower air
get fares from washington to montreal; list the arizona airport
list flights from washington dc to montreal
list airports; flight number from houston to dallas
show me the cost of a first class ticket from detroit to las vegas and back; list the cities from which northwest flies; what day of the week do flights from nashville to tacoma fly on
tell me all the airports in the new york city area
list the cities from which northwest flies; what are the fares for ground transportation in denver; what meals are available on dl 468 which al arrives in san francisco at 950 am
what's the ground transportation in denver; what meals are there on flight 382 from milwaukee to washington dc on tuesday morning
what airline flies from boston to san diego; list flights from dallas to houston
flight number from houston to dallas; what are the departure times from detroit to westchester county
what day of the week do flights from nashville to tacoma fly on; list the distance in miles from toronto international airport to downtown toronto
tell me about the type of aircraft called an m80; what's the ground transportation in denver
how much is a limousine service in la guardia
what does ap 57 mean; what day of the week do flights from nashville to tacoma fly on
what day of the week do flights from nashville to tacoma fly on; flight numbers from seattle to chicago on continental
list airports
what does fare code bh mean; what day of the week do flights from nashville to tacoma fly on
what is a d9s; what day of the week do flights from nashville to tacoma fly on
what type of plane is a d9s; list airports
what is phl; list the distance in miles from boston airport to downtown boston
tell me all the airports near westchester county; what are the departure times from detroit to westchester county
what is the seating capacity of an m80; what ground transportation is available between pittsburgh airport and downtown pittsburgh
tell me about the m80 aircraft; to what cities from boston does america west fly first class; how many canadian airlines international flights use j31
how far is los angeles international from downtown
what is the seating capacity of the aircraft 72s; list la; what days of the week do flights from san jose to nashville fly on
i need flight numbers for those flights departing on thursday before 8 am from oakland going to salt lake city; and now show me ground transportation that i could get in boston late night
list la; are snacks served on tower air
determine the type of aircraft used on a flight from cleveland to dallas that leaves before noon; list la; flight number from houston to dallas
what airlines fly from baltimore to san francisco; what are the departure times from detroit to westchester county; what are the fares for ground transportation in denver
list distance from airports to downtown in new york; i need the flight numbers of flights leaving from cleveland and arriving at dallas
what does hp stand for; tell me about the m80 aircraft
list airfares for first class round trip from detroit to st. petersburg; what is the seating capacity for delta be1; what's the fare for a taxi to denver
what is a d9s; show me the cheapest round trip fares from houston to boston
what is the seating capacity for delta be1; what meals are served on american flight 665 673 from milwaukee to seattle
list fares from washington dc to montreal
list airports in new york; how far is los angeles international from downtown
list type of aircraft for all flights from charlotte; what days of the week do flights from san jose to nashville fly on
what cities does northwest fly to; what days of the week do flights from san jose to nashville fly on; is there ground transportation from the memphis airport into town when if i arrive at 842 in the morning
what are the departure times from detroit to westchester county; how much is the limousine service in boston
miami to cleveland sunday afternoon; flight number from houston to dallas
what type of plane is a d9s; how many canadian airlines flights use aircraft dh8
how much is coach flight from pittsburgh to atlanta; what day of the week do flights from nashville to tacoma fly on
what is the seating capacity on the aircraft 733; are meals ever served on tower air
what is the seating capacity of a 72s; what days of the week do flights from san jose to nashville fly on
determine the type of aircraft used on a flight from cleveland to dallas that leaves before noon; what day of the week do flights from nashville to tacoma fly on
what type of aircraft is used for the american flight leaving at 419 pm; list airports in new york; how much is limousine service in los angeles
what is the lowest fare from toronto to washington dc; list flights from milwaukee to washington dc before 1200; flight numbers from chicago to seattle on continental
what cities does northwest fly to; what are the departure times from detroit to westchester county
what does fare code f mean; what is the seating capacity of a 757; what meals are served on american flight 665 673 from milwaukee to seattle
is there ground transportation available at the phoenix airport
how long does a flight from baltimore to san francisco take
new york city to las vegas and memphis to las vegas on sunday
what is cvg; what days of the week do flights from san jose to nashville fly on
tell me about the m80 aircraft; flight number from dallas to houston
what airline is hp; list airports in la
how far is san francisco international from downtown; i need the flight numbers of flights leaving from cleveland and arriving at dallas; what's the fare for a taxi to denver
list the distance in miles from boston airport to downtown boston; what are the fares for ground transportation in denver
how much is the limousine service in boston; what meals are served on american flight 811 from tampa to milwaukee
list the cities from which northwest flies; is there ground transportation available at the phoenix airport
tell me about the type of aircraft called an m80; how many passengers can fly on a 757; i would like a flight leaving san francisco for san diego
what airlines are departing from baltimore; what day of the week do flights from nashville to tacoma fly on
flight number from dallas to houston; what meals are available on dl 468 which al arrives in san francisco at 950 am
list la; i would like to leave thursday morning from indianapolis to toronto
get saturday fares from washington to montreal; what are the departure times from detroit to westchester county
list airports in la; does tacoma airport offer transportation from the airport to the downtown area
flight number from dallas to houston
at the charlotte airport how many different types of aircraft are there for us air; what cities does northwest fly to
what does fare code h mean; what is the seating capacity of the aircraft m80
what is the seating capacity of the 757; list the distance in miles from boston airport to downtown boston
what is the airfare for a round trip first class ticket from detroit to st. petersburg; what days of the week do flights from san jose to nashville fly on; please list ground transportation from ewr into new york city
list flights from houston to denver; what are the fares for ground transportation in denver
what days of the week do flights from san jose to nashville fly on; what are the fares for ground transportation in denver
ground transportation in las vegas; what meals are served on american flight 811 from tampa to milwaukee
what does the restriction ap58 mean; how much is coach flight from pittsburgh to atlanta; what is the seating capacity for aircraft l10
what airlines fly between washington dc and columbus ohio; is there ground transportation from the memphis airport into town when if i arrive at 842 in the morning
what is mci; list la
show me airlines that have flights between toronto and detroit between detroit and st. louis and between st. louis and toronto; now show me ground transportation in houston on monday afternoon
list the distance in miles from san francisco international airport to san francisco downtown; flight number from houston to dallas; how much is a limousine service in la guardia
i would like to know what airports are in los angeles; list the cities from which northwest flies; what are the departure times from detroit to westchester county
how many passengers can fly on a 757; how much is a limousine service in toronto international
show me the cheapest one way fare from san francisco to houston on february twenty eighth 1994; which airport is closest to ontario california
what airline is dl; how many canadian airlines international flights use aircraft 320
what is the seating capacity of an m80; list distance from airports to downtown in new york
list california nevada arizona airports; list the cities from which northwest flies; how many canadian airlines international flights use aircraft 320
does the airport at burbank have a flight that comes in from kansas city
list la; how many canadian airlines international flights use j31
flight numbers on american airlines from phoenix to milwaukee
what is a d9s; what cities does northwest fly out of
what airlines fly into denver; list the distance in miles from toronto international airport to downtown toronto; flight numbers from seattle to chicago on continental
get the saturday fare from washington to toronto; how much is a limousine service in toronto international
what are restrictions ap 57
list type of aircraft for all flights from charlotte; flight number from houston to dallas; are snacks served on tower air
what is the seating capacity for delta be1
what airlines fly between washington dc and columbus ohio; list california nevada arizona airports
tell me about the m80 aircraft; what day of the week do flights from nashville to tacoma fly on
tell me about the m80 aircraft; show me the cheapest round trip fares from houston to boston; how many canadian airlines international flights use j31
how much is coach flight from pittsburgh to atlanta; how long does a flight from baltimore to san francisco take
what is the capacity of the 73s
tell me about the type of aircraft called an m80; show me the cheapest round trip fare from san francisco to houston on february twenty eighth 1994
what cities does northwest fly to; show flights from kansas city to minneapolis; what are the fares for ground transportation in denver
list type of aircraft for all flights from charlotte; what are the departure times from detroit to westchester county
is there a fare from pittsburgh to cleveland under 200 dollars; what is the seating capacity of a dc9
what is the seating capacity of the m80; get flights between st. petersburg and charlotte
what cities does northwest fly out of; how far is toronto international from downtown; what are the fares for ground transportation in denver
list a flight on american airlines from toronto to san diego
how far is los angeles international from downtown; ground transportation for las vegas
what does ua mean; list limousine rates for the city of boston
what does fare code bh mean; what type of aircraft is used for the american flight leaving at 419 pm; st. paul to kansas city friday night
what is the seating capacity of a 72s; flight numbers from seattle to chicago on continental
what airlines are departing from baltimore; what is the seating capacity of the type of aircraft m80
list airports in la; are snacks served on tower air
what does fare code bh mean; which airline is as
list the cities from which northwest flies; flight number from houston to dallas; what are the departure times from detroit to westchester county
flight numbers from chicago to seattle
determine the type of aircraft used on a flight from cleveland to dallas that leaves before noon; get saturday fares from washington to montreal; what meals are there on flight 382 from milwaukee to washington dc on tuesday morning
i need a ticket from nashville tennessee to seattle
list the cities from which northwest flies; is there ground transportation from lga into new york city; how many canadian airlines international flights use aircraft 320
what does q mean; what meals are served on american flight 811 from tampa to milwaukee
flights from atlanta to seattle; please show ground transportation to milwaukee
how much is the limousine service in boston
tell me about the m80 aircraft; list the cities from which northwest flies
what does fare code f mean; is there one airline that flies from burbank to milwaukee milwaukee to st. louis and from st. louis to burbank; list california airports
find me a flight from cincinnati to any airport in the new york city area; what ground transportation is available between pittsburgh airport and downtown pittsburgh
tell me about the m80 aircraft; show me the cheapest round trip fares from san francisco to houston; list airports in arizona nevada and california please
what day of the week do flights from nashville to tacoma fly on; how many canadian airlines flights use aircraft dh8
determine the type of aircraft used on a flight from cleveland to dallas that leaves before noon
what is a d9s
is there ground transportation from the memphis airport into town when if i arrive at 842 in the morning
what type of aircraft is used for the american flight leaving at 419 pm; what day of the week do flights from nashville to tacoma fly on; list distance from airports to downtown in new york
what are the departure times from detroit to westchester county; how many canadian airlines international flights use j31
what type of plane is a d9s; how much is the limousine service in boston
list the cheapest fare from charlotte to las vegas; list airports in new york
how much is coach flight from pittsburgh to atlanta
now show me all the round trips from new york to miami; how many canadian airlines flights use aircraft dh8
list the cheapest fare from charlotte to las vegas; what days of the week do flights from san jose to nashville fly on; what meals are served on american flight 665 673 from milwaukee to seattle
what does hp stand for; how many passengers can fly on a 757; what are the departure times from detroit to westchester county
show flights tuesday evening from milwaukee to st. louis; how many canadian airlines international flights use aircraft 320
show me round trip flights from burbank to seattle
how far is san francisco international from downtown; flight numbers from chicago to seattle
list airports in arizona nevada and california please; to what cities from boston does america west fly first class
what airlines off from love field between 6 and 10 am on june sixth; are snacks served on tower air
what is the seating capacity for aircraft l10; what are the departure times from detroit to westchester county
list ground transportation in baltimore; are snacks served on tower air
what is seating capacity on the aircraft 73s; what is the latest flight from baltimore to oakland that serves dinner
what airline is as as in sam; find a flight between st. petersburg and charlotte the flight should leave in the afternoon and arrive as soon after 5 pm as possible it should be a nonstop flight
list the cities from which northwest flies; what meals are available on dl 468 which al arrives in san francisco at 950 am
list airports in la; how many canadian airlines international flights use j31
show me all the flights from las vegas to new york city; i need flight numbers for those flights departing on thursday before 8 am from oakland going to salt lake city; how many canadian airlines flights use aircraft dh8
list type of aircraft for all flights from charlotte; what are the departure times from detroit to westchester county
what is the seating capacity of the 757; what meals are available on dl 468 which al arrives in san francisco at 950 am
what cities does northwest fly out of; houston to dallas before midnight
what airlines fly between detroit and westchester county; how long does a flight from baltimore to san francisco take
list type of aircraft for all flights from charlotte; list ground transportation in baltimore; what meals are served on american flight 665 673 from milwaukee to seattle
at the charlotte airport how many different types of aircraft are there for us air; what's the fare for a taxi to denver
what airline flies from boston to san diego
what day of the week do flights from nashville to tacoma fly on; list the distance in miles from boston airport to downtown boston
what cities does northwest fly out of; how far is toronto international from downtown
what does q mean; get saturday fares from washington to montreal
give me the flights from chicago to seattle saturday morning that have meals; how much is a limousine service in la guardia
how much is limousine service in los angeles; i need to rent a car at tampa
what does q mean
list california airports; flight numbers from seattle to chicago on continental
determine the type of aircraft used on a flight from cleveland to dallas that leaves before noon; what is seating capacity on the aircraft 73s
what days of the week do flights from san jose to nashville fly on; what are the departure times from detroit to westchester county
what class is fare code q; cheapest fare round trip from indianapolis to orlando on december twenty seventh
what day of the week do flights from nashville to tacoma fly on; cleveland to miami on wednesday arriving before 4 pm
what is the capacity of the 73s; list the cities from which northwest flies; how many canadian airlines international flights use j31
determine the type of aircraft used on a flight from cleveland to dallas that leaves before noon; list the distance in miles from toronto international airport to downtown toronto
at the charlotte airport how many different types of aircraft are there for us air; what are the departure times from detroit to westchester county; what meals are served on american flight 811 from tampa to milwaukee
tell me all the airports near westchester county; what meals are served on american flight 811 from tampa to milwaukee; how many canadian airlines flights use aircraft dh8
show me the cheapest round trip fares from houston to boston; list airports in la; how many canadian airlines international flights use j31
flight numbers from chicago to seattle; what are the departure times from detroit to westchester county
what is the seating capacity on the aircraft 733; how far is new york's la guardia from downtown; what's the ground transportation in denver
tell me about the m80 aircraft; what is the seating capacity of an m80; what meals are served on american flight 811 from tampa to milwaukee
what are restrictions ap 57; ground transportation in las vegas
list airports in la; list la
tell me about the type of aircraft called an m80; how far is toronto international from downtown
list california airports; how many passengers can fly on a 757; list the cities from which northwest flies
i need the flight numbers of flights leaving from cleveland and arriving at dallas; what are the departure times from detroit to westchester county; how much is a limousine service in la guardia
list coach round trip airfare from detroit to st. petersburg; how much is a limousine service in toronto international
list la; how far is new york's la guardia from downtown
what does ap 20 mean; list airports in la
what airline is as; how far is new york's la guardia from downtown
list distance from airports to downtown in new york; what are the departure times from detroit to westchester county; how many canadian airlines international flights use aircraft 320
show me the cost of a first class ticket from detroit to las vegas and back; list la; what are the departure times from detroit to westchester county
what airline is as; what days of the week do flights from san jose to nashville fly on; what meals are available on dl 468 which al arrives in san francisco at 950 am
what are the departure times from detroit to westchester county; how much is a limousine service in la guardia
what day of the week do flights from nashville to tacoma fly on; what meals are served on american flight 665 673 from milwaukee to seattle
give me the fares from miami to cleveland next sunday; how many canadian airlines international flights use j31
what is the most expensive one way fare between detroit and westchester county; how many canadian airlines flights use aircraft dh8
what is the seating capacity of the 757; how far is los angeles international from downtown; i'll need to rent a car in washington dc
tell me about the m80 aircraft; i need to rent a car at tampa
which airport is closest to ontario california
which flights arrive in burbank from kansas city on saturdays in the afternoon; what are the departure times from detroit to westchester county
get saturday fares from washington to boston; list airports in new york; what is the seating capacity of a 72s
what day of the week do flights from nashville to tacoma fly on; what types of ground transportation are available in denver
what the abbreviation us stand for; i'd like a one way ticket from milwaukee to orlando either wednesday evening or thursday morning; flight number from dallas to houston
what the abbreviation us stand for; are meals ever served on tower air
what day of the week do flights from nashville to tacoma fly on; show me all flights from san jose to phoenix
flight numbers on american airlines from phoenix to milwaukee; what meals are served on american flight 811 from tampa to milwaukee
what is the seating capacity of a dc9; show flights from kansas city to orlando
what airlines fly from baltimore to san francisco; list california airports
list fares from washington dc to montreal; list distance from airports to downtown in new york; how many canadian airlines flights use aircraft dh8
list the distance in miles from boston airport to downtown boston; what ground transportation is available between pittsburgh airport and downtown pittsburgh
what united airlines flights on june eighth go from westchester county to cincinnati
what does fare code h mean; give me the saturday morning flights on continental that have meals from chicago to minneapolis; what are the departure times from detroit to westchester county
how much is limousine service in los angeles; what meals are there on flight 382 from milwaukee to washington dc on tuesday morning
list california airports; is there taxi service at the ontario airport
what is meal code sb; list airports in new york
what are the departure times from detroit to westchester county; what's the fare for a taxi to denver; what meals are available on dl 468 which al arrives in san francisco at 950 am
what is a d9s; list the distance in miles from toronto international airport to downtown toronto; ground transportation for las vegas
what cities does northwest fly out of; what are the fares for ground transportation in denver
what cities does northwest fly to; are snacks served on tower air
how many northwest flights leave st. paul; what are the departure times from detroit to westchester county
what's the fare for a taxi to denver; what meals are served on american flight 811 from tampa to milwaukee
what cities does northwest fly to; how far is los angeles international from downtown
what does ua mean; to what cities from boston does america west fly first class; list the distance in miles from new york's la guardia airport to downtown new york city
what does not sa mean; flight numbers from seattle to chicago on continental; what are the departure times from detroit to westchester county
what are the fares for flights between boston and washington dc; what is the seating capacity of the 757; what cities does northwest fly to
what is phl; what type of aircraft is used for the american flight leaving at 419 pm
determine the type of aircraft used on a flight from cleveland to dallas that leaves before noon; list the airlines with flights to or from denver; what ground transportation is available from dallas fort worth airport to downtown dallas
flight number from dallas to houston; how much is a limousine service in la guardia
what cities does northwest fly to; how many canadian airlines international flights use aircraft 320
i'd like a one way ticket from milwaukee to orlando either wednesday evening or thursday morning; what meals are there on flight 382 from milwaukee to washington dc on tuesday morning
list california nevada arizona airports; what meals are served on american flight 665 673 from milwaukee to seattle
what cities does northwest fly to; which flights travel from indianapolis to san diego on april fifth
what type of aircraft are flying from cleveland to dallas before noon; what airline is us
list airports in la; flight numbers from chicago to seattle on continental
tell me all the airports in the new york city area; how many canadian airlines international flights use aircraft 320
list type of aircraft for all flights from charlotte; how much is limousine service in los angeles
what days of the week do flights from san jose to nashville fly on; what meals are available on dl 468 which al arrives in san francisco at 950 am
list all flights from cleveland to nashville; how much is limousine service in los angeles; and now show me ground transportation that i could get in boston late night
what cities does northwest fly to; i would like an early morning flight today from los angeles to charlotte; what are the departure times from detroit to westchester county
list the distance in miles from boston airport to downtown boston; how many canadian airlines international flights use j31
what are the departure times from detroit to westchester county; how many canadian airlines international flights use aircraft 320
is there one airline that flies from burbank to milwaukee milwaukee to st. louis and from st. louis to burbank; how far is new york's la guardia from downtown
what is the seating capacity of a dc9; what ground transportation is available between milwaukee airport and downtown milwaukee
how far is san francisco international from downtown; how many canadian airlines international flights use j31
tell me about the type of aircraft called an m80; are snacks served on tower air
flight numbers on american airlines from phoenix to milwaukee; how many canadian airlines international flights use aircraft 320
at the charlotte airport how many different types of aircraft are there for us air; what airline is us; what cities does northwest fly to
what airlines fly into denver; what cities does northwest fly out of; how far is new york's la guardia from downtown
show me the cheapest round trip fare from san francisco to houston on february twenty eighth 1994
list airports; what are the departure times from detroit to westchester county
at the charlotte airport how many different types of aircraft are there for us air; what meals are served on american flight 811 from tampa to milwaukee
what is phl; list la
what does fare code bh mean; what day of the week do flights from nashville to tacoma fly on
show me the airports serviced by tower air; list distance from airports to downtown in new york
what is phl; next wednesday i would like to leave kansas city on a trip to chicago which arrives in chicago around 7 pm
show me the cheapest round trip fare from san francisco to houston on february twenty eighth 1994; how far is san francisco international from downtown
what airline is as; how many canadian airlines international flights use aircraft 320
tell me about the m80 aircraft; show me airlines that have flights between toronto and detroit between detroit and st. louis and between st. louis and toronto; what meals are there on flight 382 from milwaukee to washington dc on tuesday morning
what does ap 20 mean; flight numbers on american airlines from phoenix to milwaukee
flight numbers from chicago to seattle; are snacks served on tower air
what is a d9s; how much is a limousine service in toronto international
show me the cost of a first class ticket from detroit to las vegas and back; what airline is aa
list coach round trip airfare from detroit to st. petersburg; what is the seating capacity for delta be1; is there ground transportation from lga into new york city
list type of aircraft for all flights from charlotte; flight numbers from chicago to seattle on continental